---
source: shared/src/events/current.rs
expression: model.weather_data
---
coord:
  lat: 33.456789
  lon: -112.037222
weather:
  - id: 800
    main: Clear
    description: clear sky
    icon: 01d
base: ""
main:
  temp: 20
  feels_like: 18
  temp_min: 18
  temp_max: 22
  pressure: 1013
  humidity: 50
visibility: 10000
wind:
  speed: 4.1
  deg: 280
  gust: 5.2
clouds:
  all: 0
dt: 1716216000
sys:
  type: 1
  id: 1
  country: US
  sunrise: 1716216000
  sunset: 1716216000
timezone: 1
id: 1
name: Phoenix
cod: 200
