---
source: shared/src/favorites/events.rs
expression: model.search_results
---
- name: Phoenix
  local_names: ~
  lat: 33.456789
  lon: -112.037222
  country: US
  state: Arizona
